[WebServer] (node:69702) Warning: The 'NO_COLOR' env is ignored due to the 'FORCE_COLOR' env being set.
[WebServer] (Use `node --trace-warnings ...` to show where the warning was created)

Running 18 tests using 1 worker

  ✓   1 [desktop] › work/zeroboard-ai-response-limit/tests/connector-ui/ai-drafts.spec.ts:106:1 › AI-only text blocks browser Back, preserves text and focus on Stay, and leaves explicitly (2.5s)
  ✓   2 [desktop] › work/zeroboard-ai-response-limit/tests/connector-ui/ai-drafts.spec.ts:126:1 › Clear chat and closing AI retain its hidden draft and truthful Account warning (2.2s)
  ✓   3 [desktop] › work/zeroboard-ai-response-limit/tests/connector-ui/ai-drafts.spec.ts:145:1 › hidden AI draft delays sign-out and survives a failed explicit attempt for retry (3.1s)
  ✓   4 [desktop] › work/zeroboard-ai-response-limit/tests/connector-ui/ai-drafts.spec.ts:164:1 › same-owner token renewal keeps AI text while an actual SDK account replacement clears the old intent (3.2s)
  ✓   5 [desktop] › work/zeroboard-ai-response-limit/tests/connector-ui/ai-drafts.spec.ts:182:1 › composing Enter keeps AI text guarded and accepted submission clears only the unsent reason (5.2s)
  ✓   6 [desktop] › work/zeroboard-ai-response-limit/tests/connector-ui/board-access.spec.ts:214:3 › timeline ignores composing Enter and Escape until composition ends (4.1s)
  ✓   7 [desktop] › work/zeroboard-ai-response-limit/tests/connector-ui/board-access.spec.ts:214:3 › timeline ignores 229 Enter and Escape until composition ends (2.5s)
  ✓   8 [desktop] › work/zeroboard-ai-response-limit/tests/connector-ui/board-access.spec.ts:760:1 › timeline recurring cards stay operable when drag is disabled (2.0s)
  ✓   9 [desktop] › work/zeroboard-ai-response-limit/tests/connector-ui/board-access.spec.ts:775:1 › timeline downgrade keeps title copyable while open and explains closing discards it (4.4s)
  ✓  10 [mobile] › work/zeroboard-ai-response-limit/tests/connector-ui/ai-drafts.spec.ts:106:1 › AI-only text blocks browser Back, preserves text and focus on Stay, and leaves explicitly (3.1s)
  ✓  11 [mobile] › work/zeroboard-ai-response-limit/tests/connector-ui/ai-drafts.spec.ts:126:1 › Clear chat and closing AI retain its hidden draft and truthful Account warning (2.9s)
  ✓  12 [mobile] › work/zeroboard-ai-response-limit/tests/connector-ui/ai-drafts.spec.ts:145:1 › hidden AI draft delays sign-out and survives a failed explicit attempt for retry (11.2s)
  ✓  13 [mobile] › work/zeroboard-ai-response-limit/tests/connector-ui/ai-drafts.spec.ts:164:1 › same-owner token renewal keeps AI text while an actual SDK account replacement clears the old intent (6.8s)
  ✓  14 [mobile] › work/zeroboard-ai-response-limit/tests/connector-ui/ai-drafts.spec.ts:182:1 › composing Enter keeps AI text guarded and accepted submission clears only the unsent reason (1.7s)
  ✓  15 [mobile] › work/zeroboard-ai-response-limit/tests/connector-ui/board-access.spec.ts:214:3 › timeline ignores composing Enter and Escape until composition ends (1.9s)
  ✓  16 [mobile] › work/zeroboard-ai-response-limit/tests/connector-ui/board-access.spec.ts:214:3 › timeline ignores 229 Enter and Escape until composition ends (1.7s)
  ✓  17 [mobile] › work/zeroboard-ai-response-limit/tests/connector-ui/board-access.spec.ts:760:1 › timeline recurring cards stay operable when drag is disabled (1.7s)
  ✓  18 [mobile] › work/zeroboard-ai-response-limit/tests/connector-ui/board-access.spec.ts:775:1 › timeline downgrade keeps title copyable while open and explains closing discards it (2.1s)

  18 passed (1.6m)
